# fc (shape [4]),
65985.312,
45738.004,
5505.290,
-12035.006,
