#  (shape [10, 1]),
65985.312,
30739.309,
67034.312,
27699.309,
21494.309,
53981.309,
29611.309,
-2222.692,
22405.309,
20879.309,
